################################################################################
#                                                                              #
#      IAR Universal Linker V4.60I/386                                         #
#                                                                              #
#           Link time     =  11/Sep/2012  15:35:01                             #
#           Target CPU    =  ARM                                               #
#           List file     =  "D:\IAR\Embedded Workbench 4.0 Evaluation\Project #
#                            \HelloWorld\Release\List\main.map"                #
#           Output file 1 =  "D:\IAR\Embedded Workbench 4.0 Evaluation\Project #
#                            \HelloWorld\Release\Exe\main.elf"                 #
#                            Format: elf, variant: -ynpra                      #
#           Command line  =  "D:\IAR\Embedded Workbench 4.0 Evaluation\Project #
#                            \HelloWorld\Release\Obj\_cpp2.r79"                #
#                            "D:\IAR\Embedded Workbench 4.0 Evaluation\Project #
#                            \HelloWorld\Release\Obj\func.r79"                 #
#                            "D:\IAR\Embedded Workbench 4.0 Evaluation\Project #
#                            \HelloWorld\Release\Obj\main.r79"                 #
#                            -o                                                #
#                            "D:\IAR\Embedded Workbench 4.0 Evaluation\Project #
#                            \HelloWorld\Release\Exe\main.elf"                 #
#                            -Felf -l                                          #
#                            "D:\IAR\Embedded Workbench 4.0 Evaluation\Project #
#                            \HelloWorld\Release\List\main.map"                #
#                            -xms -f                                           #
#                            "D:\IAR\Embedded Workbench 4.0 Evaluation\Project #
#                            \HelloWorld\..\include\1.xcl"                     #
#                            (-carm -ynpra -V(CODE)CODE_AREA,12                #
#                            -V(DATA)DATA_AREA,12                              #
#                            -Z(CODE_AREA)ELFBEGIN,DATA_ID,START,CODE,DATA_C,I #
#                            NITTAB,DATA_Z,DATA_N,CONFIG_C,DYN_CONST,DYN_CONST #
#                            _DESC,DYN_PAGE,DYN_PAGE_DESC=0-FFFFFFFF           #
#                            -Z(DATA_AREA)DATA_I=0-FFFFFFFF)                   #
#                            "D:\IAR\Embedded Workbench 4.0 Evaluation\ARM\LIB #
#                            \dl5tpainl8n.r79"                                 #
#                            -s main                                           #
#                                                                              #
#                        Copyright 1987-2007 IAR Systems. All rights reserved. #
################################################################################





                ****************************************
                *                                      *
                *           CROSS REFERENCE            *
                *                                      *
                ****************************************

       Program entry at : CODE_AREA 0000011C  Relocatable, from module : main




                ****************************************
                *                                      *
                *            RUNTIME MODEL             *
                *                                      *
                ****************************************

  ARMv4M                 = USED
  ARMv4T                 = USED
  ARMv5T                 = USED
  StackAlign4            = USED
  __cpu_mode             = __pcs__interwork
  __data_model           = absolute
  __dlib_file_descriptor = 1
  __endian               = little
  __rt_version           = 6



                ****************************************
                *                                      *
                *              MODULE MAP              *
                *                                      *
                ****************************************


  DEFINED ABSOLUTE ENTRIES
    *************************************************************************

  DEFINED ABSOLUTE ENTRIES
    *************************************************************************

  FILE NAME : D:\IAR\Embedded Workbench 4.0 Evaluation\Project\HelloWorld\Release\Obj\_cpp2.r79
  PROGRAM MODULE, NAME : _cpp2

  SEGMENTS IN THE MODULE
  ======================
CODE
  Relative segment, address: CODE_AREA 00000010 - 0000001B (0xc bytes), align: 2
  Segment part 3.
           ENTRY                   ADDRESS         REF BY
           =====                   =======         ======
           operator new(size_t)    00000010        CreateHWBook() (main)
               stack 1 = 00000000 ( 00000004 )

    *************************************************************************

  FILE NAME : D:\IAR\Embedded Workbench 4.0 Evaluation\Project\HelloWorld\Release\Obj\func.r79
  PROGRAM MODULE, NAME : func

  SEGMENTS IN THE MODULE
  ======================
ELFBEGIN
  Relative segment, address: CODE_AREA 00000000, align: 0
  Segment part 0. ROOT.
           ENTRY                   ADDRESS         REF BY
           =====                   =======         ======
           ELF_BEGIN               00000000        elf_exit() (main)
    -------------------------------------------------------------------------
CODE
  Relative segment, address: CODE_AREA 0000001C - 00000033 (0x18 bytes), align: 2
  Segment part 1. ROOT.
           ENTRY                   ADDRESS         REF BY
           =====                   =======         ======
           kill_data               0000001C        elf_exit() (main)
           seqkill                 00000020 
           ASYNC                   00000030 
           SYNC                    0000002C 
    -------------------------------------------------------------------------
DYN_CONST_DESC
  Relative segment, address: CODE_AREA 000001D8 - 000001DB (0x4 bytes), align: 2
  Segment part 681. ROOT.
    -------------------------------------------------------------------------
DYN_PAGE
  Relative segment, address: CODE_AREA 000001DC, align: 2
  Segment part 682.
    -------------------------------------------------------------------------
DYN_PAGE_DESC
  Relative segment, address: CODE_AREA 000001F4 - 000001F7 (0x4 bytes), align: 2
  Segment part 683. ROOT.

    *************************************************************************

  FILE NAME : D:\IAR\Embedded Workbench 4.0 Evaluation\Project\HelloWorld\Release\Obj\main.r79
  PROGRAM MODULE, NAME : main

  SEGMENTS IN THE MODULE
  ======================
CODE
  Relative segment, address: CODE_AREA 00000034 - 00000047 (0x14 bytes), align: 2
  Segment part 10.            Intra module refs:   Segment part 8
           ENTRY                   ADDRESS         REF BY
           =====                   =======         ======
           TerminateElf(void *, BOOK *)
                                   00000034 
               stack 1 = 00000000 ( 00000004 )
    -------------------------------------------------------------------------
CODE
  Relative segment, address: CODE_AREA 00000048 - 0000009B (0x54 bytes), align: 2
  Segment part 12.            Intra module refs:   Segment part 8
           ENTRY                   ADDRESS         REF BY
           =====                   =======         ======
           ShowAuthorInfo(void *, BOOK *)
                                   00000048 
               stack 1 = 00000000 ( 00000014 )
    -------------------------------------------------------------------------
DYN_PAGE
  Relative segment, address: CODE_AREA 000001DC - 000001F3 (0x18 bytes), align: 2
  Segment part 8.             Intra module refs:   Segment part 7
    -------------------------------------------------------------------------
DATA_I
  Relative segment, address: DATA_AREA 00000000 - 0000000F (0x10 bytes), align: 2
  Segment part 6.             Intra module refs:   Segment part 21
           ENTRY                   ADDRESS         REF BY
           =====                   =======         ======
           HWBook                  00000000 
           base_page               00000004 
    -------------------------------------------------------------------------
CODE
  Relative segment, address: CODE_AREA 0000009C - 000000B7 (0x1c bytes), align: 2
  Segment part 14.            Intra module refs:   onCloseHWBook(BOOK *)
           ENTRY                   ADDRESS         REF BY
           =====                   =======         ======
           elf_exit()              0000009C 
               stack 1 = 00000000 ( 00000004 )
    -------------------------------------------------------------------------
CODE
  Relative segment, address: CODE_AREA 000000B8 - 000000D3 (0x1c bytes), align: 2
  Segment part 16.            Intra module refs:   CreateHWBook()
           ENTRY                   ADDRESS         REF BY
           =====                   =======         ======
           onCloseHWBook(BOOK *)   000000B8 
               stack 1 = 00000000 ( 00000004 )
    -------------------------------------------------------------------------
CODE
  Relative segment, address: CODE_AREA 000000D4 - 0000011B (0x48 bytes), align: 2
  Segment part 18.            Intra module refs:   main
           ENTRY                   ADDRESS         REF BY
           =====                   =======         ======
           CreateHWBook()          000000D4 
               stack 1 = 00000000 ( 00000010 )
    -------------------------------------------------------------------------
CODE
  Relative segment, address: CODE_AREA 0000011C - 0000015F (0x44 bytes), align: 2
  Segment part 20.
           ENTRY                   ADDRESS         REF BY
           =====                   =======         ======
           main                    0000011C        Absolute parts (?ABS_ENTRY_MOD)
               stack 1 = 00000000 ( 00000004 )
    -------------------------------------------------------------------------
CODE
  Relative segment, address: CODE_AREA 00000160 - 00000163 (0x4 bytes), align: 2
  Segment part 21.            Intra module refs:   CreateHWBook()
                                                   main
    -------------------------------------------------------------------------
DATA_ID
  Relative segment, address: CODE_AREA 00000000 - 0000000F (0x10 bytes), align: 2
  Segment part 7.             Intra module refs:   Segment part 6
    -------------------------------------------------------------------------
INITTAB
  Relative segment, address: CODE_AREA 000001CC - 000001D7 (0xc bytes), align: 2
  Segment part 25. ROOT.
           ENTRY                   ADDRESS         REF BY
           =====                   =======         ======
           ?init?tab?DATA_I        000001CC 
    -------------------------------------------------------------------------
DATA_C
  Relative segment, address: CODE_AREA 00000164 - 0000016F (0xc bytes), align: 2
  Segment part 2.             Intra module refs:   Segment part 7
    -------------------------------------------------------------------------
DATA_C
  Relative segment, address: CODE_AREA 00000170 - 000001A7 (0x38 bytes), align: 2
  Segment part 3.             Intra module refs:   ShowAuthorInfo(void *, BOOK *)
    -------------------------------------------------------------------------
DATA_C
  Relative segment, address: CODE_AREA 000001A8 - 000001AF (0x8 bytes), align: 2
  Segment part 4.             Intra module refs:   CreateHWBook()
    -------------------------------------------------------------------------
DATA_C
  Relative segment, address: CODE_AREA 000001B0 - 000001CB (0x1c bytes), align: 2
  Segment part 5.             Intra module refs:   main




                ****************************************
                *                                      *
                *      SEGMENTS IN ADDRESS ORDER       *
                *                                      *
                ****************************************


SEGMENT              SPACE    START ADDRESS   END ADDRESS     SIZE  TYPE  ALIGN
=======              =====    =============   ===========     ====  ====  =====
ELFBEGIN             CODE_AREA           00000000                     rel    0
DATA_ID              CODE_AREA      00000000 - 0000000F          10   rel    2
START                CODE_AREA           00000010                     dse    0
CODE                 CODE_AREA      00000010 - 00000163         154   rel    2
DATA_C               CODE_AREA      00000164 - 000001CB          68   rel    2
INITTAB              CODE_AREA      000001CC - 000001D7           C   rel    2
DATA_Z               CODE_AREA           000001D8                     dse    0
DATA_N               CODE_AREA           000001D8                     dse    0
CONFIG_C             CODE_AREA           000001D8                     dse    0
DYN_CONST            CODE_AREA           000001D8                     dse    0
DYN_CONST_DESC       CODE_AREA      000001D8 - 000001DB           4   rel    2
DYN_PAGE             CODE_AREA      000001DC - 000001F3          18   rel    2
DYN_PAGE_DESC        CODE_AREA      000001F4 - 000001F7           4   rel    2
DATA_I               DATA_AREA      00000000 - 0000000F          10   rel    2

                ****************************************
                *                                      *
                *        END OF CROSS REFERENCE        *
                *                                      *
                ****************************************

 504 bytes of CODE memory
  16 bytes of DATA memory

Errors: none
Warnings: none

