################################################################################
#                                                                              #
#      IAR Universal Linker V4.60I/386                                         #
#                                                                              #
#           Link time     =  17/Jul/2011  18:12:58                             #
#           Target CPU    =  ARM                                               #
#           List file     =  "C:\Embedded Workbench 4.0 Evaluation\Project\Hel #
#                            lo World\Release\List\Restarter_v1.1.map"         #
#           Output file 1 =  "C:\Embedded Workbench 4.0 Evaluation\Project\Hel #
#                            lo World\Release\Exe\Restarter_v1.1.elf"          #
#                            Format: elf, variant: -ynpra                      #
#           Command line  =  "C:\Embedded Workbench 4.0 Evaluation\Project\Hel #
#                            lo World\Release\Obj\_cpp2.r79"                   #
#                            "C:\Embedded Workbench 4.0 Evaluation\Project\Hel #
#                            lo World\Release\Obj\func.r79"                    #
#                            "C:\Embedded Workbench 4.0 Evaluation\Project\Hel #
#                            lo World\Release\Obj\main.r79"                    #
#                            -o                                                #
#                            "C:\Embedded Workbench 4.0 Evaluation\Project\Hel #
#                            lo World\Release\Exe\Restarter_v1.1.elf"          #
#                            -Felf -l                                          #
#                            "C:\Embedded Workbench 4.0 Evaluation\Project\Hel #
#                            lo World\Release\List\Restarter_v1.1.map"         #
#                            -xms -f                                           #
#                            "C:\Embedded Workbench 4.0 Evaluation\Project\Hel #
#                            lo World\..\include\1.xcl"                        #
#                            (-carm -ynpra -V(CODE)CODE_AREA,12                #
#                            -V(DATA)DATA_AREA,12                              #
#                            -Z(CODE_AREA)ELFBEGIN,DATA_ID,START,CODE,DATA_C,I #
#                            NITTAB,DATA_Z,DATA_N,CONFIG_C,DYN_CONST,DYN_CONST #
#                            _DESC,DYN_PAGE,DYN_PAGE_DESC=0-FFFFFFFF           #
#                            -Z(DATA_AREA)DATA_I=0-FFFFFFFF)                   #
#                            "C:\Embedded Workbench 4.0 Evaluation\ARM\LIB\dl5 #
#                            tpainl8n.r79"                                     #
#                            -s main                                           #
#                                                                              #
#                        Copyright 1987-2007 IAR Systems. All rights reserved. #
################################################################################





                ****************************************
                *                                      *
                *           CROSS REFERENCE            *
                *                                      *
                ****************************************

       Program entry at : CODE_AREA 00000214  Relocatable, from module : main




                ****************************************
                *                                      *
                *            RUNTIME MODEL             *
                *                                      *
                ****************************************

  ARMv4M                 = USED
  ARMv4T                 = USED
  ARMv5T                 = USED
  StackAlign4            = USED
  __cpu_mode             = __pcs__interwork
  __data_model           = absolute
  __dlib_file_descriptor = 1
  __endian               = little
  __rt_version           = 6



                ****************************************
                *                                      *
                *              MODULE MAP              *
                *                                      *
                ****************************************


  DEFINED ABSOLUTE ENTRIES
    *************************************************************************

  DEFINED ABSOLUTE ENTRIES
    *************************************************************************

  FILE NAME : C:\Embedded Workbench 4.0 Evaluation\Project\Hello World\Release\Obj\_cpp2.r79
  PROGRAM MODULE, NAME : _cpp2

  SEGMENTS IN THE MODULE
  ======================
CODE
  Relative segment, address: CODE_AREA 00000010 - 0000001B (0xc bytes), align: 2
  Segment part 3.
           ENTRY                   ADDRESS         REF BY
           =====                   =======         ======
           operator new(size_t)    00000010        CreateHWBook() (main)
               stack 1 = 00000000 ( 00000004 )

    *************************************************************************

  FILE NAME : C:\Embedded Workbench 4.0 Evaluation\Project\Hello World\Release\Obj\func.r79
  PROGRAM MODULE, NAME : func

  SEGMENTS IN THE MODULE
  ======================
ELFBEGIN
  Relative segment, address: CODE_AREA 00000000, align: 0
  Segment part 0. ROOT.
           ENTRY                   ADDRESS         REF BY
           =====                   =======         ======
           ELF_BEGIN               00000000        elf_exit() (main)
    -------------------------------------------------------------------------
CODE
  Relative segment, address: CODE_AREA 0000001C - 00000033 (0x18 bytes), align: 2
  Segment part 1. ROOT.
           ENTRY                   ADDRESS         REF BY
           =====                   =======         ======
           kill_data               0000001C        elf_exit() (main)
           seqkill                 00000020 
           ASYNC                   00000030 
           SYNC                    0000002C 
    -------------------------------------------------------------------------
DYN_CONST
  Relative segment, address: CODE_AREA 00000338 - 0000033B (0x4 bytes), align: 2
  Segment part 43.
           ENTRY                   ADDRESS         REF BY
           =====                   =======         ======
           KEY_POWER               00000338        KeyPr(int, int, int, LPARAM, DISP_OBJ *) (main)
    -------------------------------------------------------------------------
DYN_CONST
  Relative segment, address: CODE_AREA 0000033C - 0000033F (0x4 bytes), align: 2
  Segment part 48.
           ENTRY                   ADDRESS         REF BY
           =====                   =======         ======
           KBD_REPEAT              0000033C        KeyPr(int, int, int, LPARAM, DISP_OBJ *) (main)
    -------------------------------------------------------------------------
DYN_CONST_DESC
  Relative segment, address: CODE_AREA 00000340 - 00000343 (0x4 bytes), align: 2
  Segment part 563. ROOT.
    -------------------------------------------------------------------------
DYN_PAGE
  Relative segment, address: CODE_AREA 00000344, align: 2
  Segment part 564.
    -------------------------------------------------------------------------
DYN_PAGE_DESC
  Relative segment, address: CODE_AREA 0000035C - 0000035F (0x4 bytes), align: 2
  Segment part 565. ROOT.

    *************************************************************************

  FILE NAME : C:\Embedded Workbench 4.0 Evaluation\Project\Hello World\Release\Obj\main.r79
  PROGRAM MODULE, NAME : main

  SEGMENTS IN THE MODULE
  ======================
CODE
  Relative segment, address: CODE_AREA 00000034 - 0000003B (0x8 bytes), align: 2
  Segment part 9.             Intra module refs:   main
                                                   onCloseHWBook(BOOK *)
           ENTRY                   ADDRESS         REF BY
           =====                   =======         ======
           LPARAM::LPARAM(int)     00000034 
    -------------------------------------------------------------------------
CODE
  Relative segment, address: CODE_AREA 0000003C - 00000067 (0x2c bytes), align: 2
  Segment part 11.            Intra module refs:   KeyPr(int, int, int, LPARAM, DISP_OBJ *)
           ENTRY                   ADDRESS         REF BY
           =====                   =======         ======
           vibra()                 0000003C 
               stack 1 = 00000000 ( 00000004 )
    -------------------------------------------------------------------------
CODE
  Relative segment, address: CODE_AREA 00000068 - 000000B7 (0x50 bytes), align: 2
  Segment part 13.            Intra module refs:   Segment part 30
           ENTRY                   ADDRESS         REF BY
           =====                   =======         ======
           KeyPr(int, int, int, LPARAM, DISP_OBJ *)
                                   00000068 
               stack 1 = 00000000 ( 00000004 )
    -------------------------------------------------------------------------
CODE
  Relative segment, address: CODE_AREA 000000B8 - 000000D3 (0x1c bytes), align: 2
  Segment part 15.            Intra module refs:   Segment part 29
           ENTRY                   ADDRESS         REF BY
           =====                   =======         ======
           elf_exit()              000000B8 
               stack 1 = 00000000 ( 00000004 )
    -------------------------------------------------------------------------
CODE
  Relative segment, address: CODE_AREA 000000D4 - 000000E7 (0x14 bytes), align: 2
  Segment part 17.            Intra module refs:   Segment part 8
           ENTRY                   ADDRESS         REF BY
           =====                   =======         ======
           TerminateElf(void *, BOOK *)
                                   000000D4 
               stack 1 = 00000000 ( 00000004 )
    -------------------------------------------------------------------------
CODE
  Relative segment, address: CODE_AREA 000000E8 - 00000167 (0x80 bytes), align: 2
  Segment part 19.            Intra module refs:   Segment part 8
           ENTRY                   ADDRESS         REF BY
           =====                   =======         ======
           ShowAuthorInfo(void *, BOOK *)
                                   000000E8 
               stack 1 = 00000000 ( 0000021C )
    -------------------------------------------------------------------------
DYN_PAGE
  Relative segment, address: CODE_AREA 00000344 - 0000035B (0x18 bytes), align: 2
  Segment part 8.             Intra module refs:   Segment part 7
    -------------------------------------------------------------------------
DATA_I
  Relative segment, address: DATA_AREA 00000000 - 0000000F (0x10 bytes), align: 2
  Segment part 6.             Intra module refs:   CreateHWBook()
           ENTRY                   ADDRESS         REF BY
           =====                   =======         ======
           HWBook                  00000000 
           base_page               00000004 
    -------------------------------------------------------------------------
CODE
  Relative segment, address: CODE_AREA 00000168 - 0000019F (0x38 bytes), align: 2
  Segment part 21.            Intra module refs:   CreateHWBook()
           ENTRY                   ADDRESS         REF BY
           =====                   =======         ======
           onCloseHWBook(BOOK *)   00000168 
               stack 1 = 00000000 ( 00000008 )
    -------------------------------------------------------------------------
CODE
  Relative segment, address: CODE_AREA 000001A0 - 000001E7 (0x48 bytes), align: 2
  Segment part 23.            Intra module refs:   main
           ENTRY                   ADDRESS         REF BY
           =====                   =======         ======
           CreateHWBook()          000001A0 
               stack 1 = 00000000 ( 00000010 )
    -------------------------------------------------------------------------
CODE
  Relative segment, address: CODE_AREA 000001E8 - 0000020F (0x28 bytes), align: 2
  Segment part 25.            Intra module refs:   main
           ENTRY                   ADDRESS         REF BY
           =====                   =======         ======
           myFind(BOOK *)          000001E8 
               stack 1 = 00000000 ( 00000004 )
    -------------------------------------------------------------------------
CODE
  Relative segment, address: CODE_AREA 00000210 - 00000213 (0x4 bytes), align: 2
  Segment part 26.            Intra module refs:   CreateHWBook()
                                                   myFind(BOOK *)
    -------------------------------------------------------------------------
CODE
  Relative segment, address: CODE_AREA 00000214 - 000002AF (0x9c bytes), align: 2
  Segment part 28.
           ENTRY                   ADDRESS         REF BY
           =====                   =======         ======
           main                    00000214        Absolute parts (?ABS_ENTRY_MOD)
               stack 1 = 00000000 ( 00000014 )
    -------------------------------------------------------------------------
CODE
  Relative segment, address: CODE_AREA 000002B0 - 000002B3 (0x4 bytes), align: 2
  Segment part 29.            Intra module refs:   main
                                                   onCloseHWBook(BOOK *)
    -------------------------------------------------------------------------
CODE
  Relative segment, address: CODE_AREA 000002B4 - 000002B7 (0x4 bytes), align: 2
  Segment part 30.            Intra module refs:   main
                                                   onCloseHWBook(BOOK *)
    -------------------------------------------------------------------------
DATA_ID
  Relative segment, address: CODE_AREA 00000000 - 0000000F (0x10 bytes), align: 2
  Segment part 7.             Intra module refs:   Segment part 6
    -------------------------------------------------------------------------
INITTAB
  Relative segment, address: CODE_AREA 0000032C - 00000337 (0xc bytes), align: 2
  Segment part 35. ROOT.
           ENTRY                   ADDRESS         REF BY
           =====                   =======         ======
           ?init?tab?DATA_I        0000032C 
    -------------------------------------------------------------------------
DATA_C
  Relative segment, address: CODE_AREA 000002B8 - 000002C3 (0xc bytes), align: 2
  Segment part 2.             Intra module refs:   Segment part 7
    -------------------------------------------------------------------------
DATA_C
  Relative segment, address: CODE_AREA 000002C4 - 0000030B (0x48 bytes), align: 2
  Segment part 3.             Intra module refs:   Segment part 26
                                                   ShowAuthorInfo(void *, BOOK *)
    -------------------------------------------------------------------------
DATA_C
  Relative segment, address: CODE_AREA 0000030C - 0000032B (0x20 bytes), align: 2
  Segment part 5.             Intra module refs:   main




                ****************************************
                *                                      *
                *      SEGMENTS IN ADDRESS ORDER       *
                *                                      *
                ****************************************


SEGMENT              SPACE    START ADDRESS   END ADDRESS     SIZE  TYPE  ALIGN
=======              =====    =============   ===========     ====  ====  =====
ELFBEGIN             CODE_AREA           00000000                     rel    0
DATA_ID              CODE_AREA      00000000 - 0000000F          10   rel    2
START                CODE_AREA           00000010                     dse    0
CODE                 CODE_AREA      00000010 - 000002B7         2A8   rel    2
DATA_C               CODE_AREA      000002B8 - 0000032B          74   rel    2
INITTAB              CODE_AREA      0000032C - 00000337           C   rel    2
DATA_Z               CODE_AREA           00000338                     dse    0
DATA_N               CODE_AREA           00000338                     dse    0
CONFIG_C             CODE_AREA           00000338                     dse    0
DYN_CONST            CODE_AREA      00000338 - 0000033F           8   rel    2
DYN_CONST_DESC       CODE_AREA      00000340 - 00000343           4   rel    2
DYN_PAGE             CODE_AREA      00000344 - 0000035B          18   rel    2
DYN_PAGE_DESC        CODE_AREA      0000035C - 0000035F           4   rel    2
DATA_I               DATA_AREA      00000000 - 0000000F          10   rel    2

                ****************************************
                *                                      *
                *        END OF CROSS REFERENCE        *
                *                                      *
                ****************************************

 864 bytes of CODE memory
  16 bytes of DATA memory

Errors: none
Warnings: none

